-- 
-- Tests sequential and parallel DDL command execution
-- in combination with 1PC and 2PC
-- Note: this test should not be executed in parallel with
-- other tests since we're relying on disabling 2PC recovery 
--
CREATE SCHEMA test_seq_ddl;
SET search_path TO 'test_seq_ddl';
-- this function simply checks the equality of the number of transactions in the
-- pg_dist_transaction and number of primary worker nodes
-- The function is useful to ensure that a single connection is opened per worker
-- in a distributed transaction
CREATE OR REPLACE FUNCTION distributed_2PCs_are_equal_to_worker_count()
    RETURNS bool AS
$$
DECLARE
    result bool;
BEGIN
    SELECT tx_count = worker_count FROM (SELECT count(*) as  tx_count FROM pg_dist_transaction WHERE gid LIKE 'citus_%_' || pg_backend_pid() || '%_%') as s1,  (SELECT count(*) as worker_count FROM pg_dist_node WHERE noderole = 'primary') as s2 INTO result;
    RETURN result;
END;
$$
LANGUAGE 'plpgsql' IMMUTABLE;
-- this function simply checks the equality of the number of transactions in the
-- pg_dist_transaction and number of shard placements for a distributed table
-- The function is useful to ensure that a single connection is opened per 
-- shard placement in a distributed transaction
CREATE OR REPLACE FUNCTION distributed_2PCs_are_equal_to_placement_count()
    RETURNS bool AS
$$
DECLARE
    result bool;
BEGIN
    SELECT count(*) = current_setting('citus.shard_count')::bigint * current_setting('citus.shard_replication_factor')::bigint FROM pg_dist_transaction WHERE gid LIKE 'citus_%_' || pg_backend_pid() || '%_%'
     INTO result;
    RETURN result;
END;
$$
LANGUAGE 'plpgsql' IMMUTABLE;
-- this function simply checks existence of distributed transcations in
-- pg_dist_transaction
CREATE OR REPLACE FUNCTION no_distributed_2PCs()
    RETURNS bool AS
$$
DECLARE
    result bool;
BEGIN
    SELECT tx_count = 0 FROM (SELECT count(*) as  tx_count FROM pg_dist_transaction WHERE gid LIKE 'citus_%_' || pg_backend_pid() || '%_%') as s1
     INTO result;
    RETURN result;
END;
$$
LANGUAGE 'plpgsql' IMMUTABLE;
-- disbable 2PC recovery since our tests will check that
ALTER SYSTEM SET citus.recover_2pc_interval TO -1;
SELECT pg_reload_conf();
 pg_reload_conf 
----------------
 t
(1 row)

CREATE TABLE test_table(a int, b int);
SELECT create_distributed_table('test_table', 'a');
 create_distributed_table 
--------------------------
 
(1 row)

-- we should see #worker transactions
-- when sequential mode is used
SET citus.multi_shard_modify_mode TO 'sequential';
SELECT recover_prepared_transactions();
 recover_prepared_transactions 
-------------------------------
                             0
(1 row)

ALTER TABLE test_table ADD CONSTRAINT a_check CHECK(a > 0);
SELECT distributed_2PCs_are_equal_to_worker_count();
 distributed_2pcs_are_equal_to_worker_count 
--------------------------------------------
 t
(1 row)

-- we should see placement count # transactions
-- when parallel mode is used
SET citus.multi_shard_modify_mode TO 'parallel';
SELECT recover_prepared_transactions();
 recover_prepared_transactions 
-------------------------------
                             0
(1 row)

ALTER TABLE test_table ADD CONSTRAINT b_check CHECK(b > 0);
SELECT distributed_2PCs_are_equal_to_placement_count();
 distributed_2pcs_are_equal_to_placement_count 
-----------------------------------------------
 t
(1 row)

-- with 1PC, we should not see and distributed TXs in the pg_dist_transaction
SET citus.multi_shard_commit_protocol TO '1pc';
SET citus.multi_shard_modify_mode TO 'sequential';
SELECT recover_prepared_transactions();
 recover_prepared_transactions 
-------------------------------
                             0
(1 row)

ALTER TABLE test_table ADD CONSTRAINT c_check CHECK(a > 0);
SELECT no_distributed_2PCs();
 no_distributed_2pcs 
---------------------
 t
(1 row)

SET citus.multi_shard_commit_protocol TO '1pc';
SET citus.multi_shard_modify_mode TO 'parallel';
SELECT recover_prepared_transactions();
 recover_prepared_transactions 
-------------------------------
                             0
(1 row)

ALTER TABLE test_table ADD CONSTRAINT d_check CHECK(a > 0);
SELECT no_distributed_2PCs();
 no_distributed_2pcs 
---------------------
 t
(1 row)

CREATE TABLE ref_test(a int);
SELECT create_reference_table('ref_test');
 create_reference_table 
------------------------
 
(1 row)

SET citus.multi_shard_commit_protocol TO '1pc';
-- reference tables should always use 2PC
SET citus.multi_shard_modify_mode TO 'sequential';
SELECT recover_prepared_transactions();
 recover_prepared_transactions 
-------------------------------
                             0
(1 row)

CREATE INDEX ref_test_seq_index ON ref_test(a);
SELECT distributed_2PCs_are_equal_to_worker_count();
 distributed_2pcs_are_equal_to_worker_count 
--------------------------------------------
 t
(1 row)

-- reference tables should always use 2PC
SET citus.multi_shard_modify_mode TO 'parallel';
SELECT recover_prepared_transactions();
 recover_prepared_transactions 
-------------------------------
                             0
(1 row)

CREATE INDEX ref_test_seq_index_2 ON ref_test(a);
SELECT distributed_2PCs_are_equal_to_worker_count();
 distributed_2pcs_are_equal_to_worker_count 
--------------------------------------------
 t
(1 row)

-- tables with replication factor > 1 should also obey 
-- both multi_shard_commit_protocol and multi_shard_modify_mode
SET citus.shard_replication_factor TO 2;
CREATE TABLE test_table_rep_2 (a int);
SELECT create_distributed_table('test_table_rep_2', 'a');
 create_distributed_table 
--------------------------
 
(1 row)

 
-- 1PC should never use 2PC with rep > 1
SET citus.multi_shard_commit_protocol TO '1pc';
SET citus.multi_shard_modify_mode TO 'sequential';
SELECT recover_prepared_transactions();
 recover_prepared_transactions 
-------------------------------
                             0
(1 row)

CREATE INDEX test_table_rep_2_i_1 ON test_table_rep_2(a);
SELECT no_distributed_2PCs();
 no_distributed_2pcs 
---------------------
 t
(1 row)

SET citus.multi_shard_modify_mode TO 'parallel';
SELECT recover_prepared_transactions();
 recover_prepared_transactions 
-------------------------------
                             0
(1 row)

CREATE INDEX test_table_rep_2_i_2 ON test_table_rep_2(a);
SELECT no_distributed_2PCs();
 no_distributed_2pcs 
---------------------
 t
(1 row)

-- 2PC should always use 2PC with rep > 1
SET citus.multi_shard_commit_protocol TO '2pc';
SET citus.multi_shard_modify_mode TO 'sequential';
SELECT recover_prepared_transactions();
 recover_prepared_transactions 
-------------------------------
                             0
(1 row)

CREATE INDEX test_table_rep_2_i_3 ON test_table_rep_2(a);
SELECT distributed_2PCs_are_equal_to_worker_count();
 distributed_2pcs_are_equal_to_worker_count 
--------------------------------------------
 t
(1 row)

SET citus.multi_shard_modify_mode TO 'parallel';
SELECT recover_prepared_transactions();
 recover_prepared_transactions 
-------------------------------
                             0
(1 row)

CREATE INDEX test_table_rep_2_i_4 ON test_table_rep_2(a);
SELECT distributed_2PCs_are_equal_to_placement_count();
 distributed_2pcs_are_equal_to_placement_count 
-----------------------------------------------
 t
(1 row)

-- CREATE INDEX CONCURRENTLY should work fine with rep > 1
-- with both 2PC and different parallel modes
SET citus.multi_shard_commit_protocol TO '2pc';
SET citus.multi_shard_modify_mode TO 'sequential';
SELECT recover_prepared_transactions();
 recover_prepared_transactions 
-------------------------------
                             0
(1 row)

CREATE INDEX CONCURRENTLY test_table_rep_2_i_5 ON test_table_rep_2(a);
-- we shouldn't see any distributed transactions
SELECT no_distributed_2PCs();
 no_distributed_2pcs 
---------------------
 t
(1 row)

SET citus.multi_shard_commit_protocol TO '2pc';
SET citus.multi_shard_modify_mode TO 'parallel';
SELECT recover_prepared_transactions();
 recover_prepared_transactions 
-------------------------------
                             0
(1 row)

CREATE INDEX CONCURRENTLY test_table_rep_2_i_6 ON test_table_rep_2(a);
-- we shouldn't see any distributed transactions
SELECT no_distributed_2PCs();
 no_distributed_2pcs 
---------------------
 t
(1 row)

-- test TRUNCATE on sequential and parallel modes
CREATE TABLE test_seq_truncate (a int);
INSERT INTO test_seq_truncate SELECT i FROM generate_series(0, 100) i;
SELECT create_distributed_table('test_seq_truncate', 'a');
NOTICE:  Copying data from local table...
 create_distributed_table 
--------------------------
 
(1 row)

-- with parallel modification mode, we should see #shards records
SET citus.multi_shard_modify_mode TO 'parallel';
SELECT recover_prepared_transactions();
 recover_prepared_transactions 
-------------------------------
                             0
(1 row)

TRUNCATE test_seq_truncate;
SELECT distributed_2PCs_are_equal_to_placement_count();
 distributed_2pcs_are_equal_to_placement_count 
-----------------------------------------------
 t
(1 row)

-- with sequential modification mode, we should see #primary worker records
SET citus.multi_shard_modify_mode TO 'sequential';
SELECT recover_prepared_transactions();
 recover_prepared_transactions 
-------------------------------
                             0
(1 row)

TRUNCATE test_seq_truncate;
SELECT distributed_2PCs_are_equal_to_worker_count();
 distributed_2pcs_are_equal_to_worker_count 
--------------------------------------------
 t
(1 row)

-- truncate with rep > 1 should work both in parallel and seq. modes
CREATE TABLE test_seq_truncate_rep_2 (a int);
INSERT INTO test_seq_truncate_rep_2 SELECT i FROM generate_series(0, 100) i;
SET citus.shard_replication_factor TO 2;
SELECT create_distributed_table('test_seq_truncate_rep_2', 'a');
NOTICE:  Copying data from local table...
 create_distributed_table 
--------------------------
 
(1 row)

SET citus.multi_shard_modify_mode TO 'sequential';
SELECT recover_prepared_transactions();
 recover_prepared_transactions 
-------------------------------
                             0
(1 row)

TRUNCATE test_seq_truncate_rep_2;
SELECT distributed_2PCs_are_equal_to_worker_count();
 distributed_2pcs_are_equal_to_worker_count 
--------------------------------------------
 t
(1 row)

SET citus.multi_shard_modify_mode TO 'parallel';
SELECT recover_prepared_transactions();
 recover_prepared_transactions 
-------------------------------
                             0
(1 row)

TRUNCATE test_seq_truncate_rep_2;
SELECT distributed_2PCs_are_equal_to_placement_count();
 distributed_2pcs_are_equal_to_placement_count 
-----------------------------------------------
 t
(1 row)

CREATE TABLE multi_shard_modify_test (
        t_key integer not null,
        t_name varchar(25) not null,
        t_value integer not null);
SELECT create_distributed_table('multi_shard_modify_test', 't_key');
 create_distributed_table 
--------------------------
 
(1 row)

-- with parallel modification mode, we should see #shards records
SET citus.multi_shard_modify_mode TO 'parallel';
SELECT recover_prepared_transactions();
 recover_prepared_transactions 
-------------------------------
                             0
(1 row)

SELECT master_modify_multiple_shards('DELETE FROM multi_shard_modify_test');
 master_modify_multiple_shards 
-------------------------------
                             0
(1 row)

SELECT distributed_2PCs_are_equal_to_placement_count();
 distributed_2pcs_are_equal_to_placement_count 
-----------------------------------------------
 t
(1 row)

-- with sequential modification mode, we should see #primary worker records
SET citus.multi_shard_modify_mode TO 'sequential';
SELECT recover_prepared_transactions();
 recover_prepared_transactions 
-------------------------------
                             0
(1 row)

SELECT master_modify_multiple_shards('DELETE FROM multi_shard_modify_test');
 master_modify_multiple_shards 
-------------------------------
                             0
(1 row)

SELECT distributed_2PCs_are_equal_to_worker_count();
 distributed_2pcs_are_equal_to_worker_count 
--------------------------------------------
 t
(1 row)

-- one more realistic test with sequential inserts and truncate in the same tx
INSERT INTO multi_shard_modify_test SELECT i, i::text, i FROM generate_series(0,100) i;
BEGIN;
    INSERT INTO multi_shard_modify_test VALUES (1,'1',1), (2,'2',2), (3,'3',3), (4,'4',4);
    -- now switch to sequential mode to enable a successful TRUNCATE
    SET LOCAL citus.multi_shard_modify_mode TO 'sequential';
    TRUNCATE multi_shard_modify_test;
COMMIT;
-- see that all the data successfully removed
SELECT count(*) FROM multi_shard_modify_test;
 count 
-------
     0
(1 row)

-- test INSERT ... SELECT queries
-- with sequential modification mode, we should see #primary worker records
SET citus.multi_shard_modify_mode TO 'sequential';
SELECT recover_prepared_transactions();
 recover_prepared_transactions 
-------------------------------
                             0
(1 row)

INSERT INTO multi_shard_modify_test SELECT * FROM multi_shard_modify_test;
SELECT distributed_2PCs_are_equal_to_worker_count();
 distributed_2pcs_are_equal_to_worker_count 
--------------------------------------------
 t
(1 row)

SET citus.multi_shard_modify_mode TO 'parallel';
SELECT recover_prepared_transactions();
 recover_prepared_transactions 
-------------------------------
                             0
(1 row)

INSERT INTO multi_shard_modify_test SELECT * FROM multi_shard_modify_test;
SELECT distributed_2PCs_are_equal_to_placement_count();
 distributed_2pcs_are_equal_to_placement_count 
-----------------------------------------------
 t
(1 row)

-- one more realistic test with sequential inserts and INSERT .. SELECT in the same tx
INSERT INTO multi_shard_modify_test SELECT i, i::text, i FROM generate_series(0,100) i;
BEGIN;
    INSERT INTO multi_shard_modify_test VALUES (1,'1',1), (2,'2',2), (3,'3',3), (4,'4',4);
    -- now switch to sequential mode to enable a successful INSERT .. SELECT
    SET LOCAL citus.multi_shard_modify_mode TO 'sequential';
    INSERT INTO multi_shard_modify_test SELECT * FROM multi_shard_modify_test;
COMMIT;
-- see that all the data successfully inserted
SELECT count(*) FROM multi_shard_modify_test;
 count 
-------
   210
(1 row)

ALTER SYSTEM SET citus.recover_2pc_interval TO DEFAULT;
SET citus.shard_replication_factor TO DEFAULT;
SELECT pg_reload_conf();
 pg_reload_conf 
----------------
 t
(1 row)

SET search_path TO 'public';
DROP SCHEMA test_seq_ddl CASCADE;
NOTICE:  drop cascades to 9 other objects
DETAIL:  drop cascades to function test_seq_ddl.distributed_2pcs_are_equal_to_worker_count()
drop cascades to function test_seq_ddl.distributed_2pcs_are_equal_to_placement_count()
drop cascades to function test_seq_ddl.no_distributed_2pcs()
drop cascades to table test_seq_ddl.test_table
drop cascades to table test_seq_ddl.ref_test
drop cascades to table test_seq_ddl.test_table_rep_2
drop cascades to table test_seq_ddl.test_seq_truncate
drop cascades to table test_seq_ddl.test_seq_truncate_rep_2
drop cascades to table test_seq_ddl.multi_shard_modify_test
